0 7 wall FIXED
0 8 arrow 1 FIXED
0 9 wall FIXED
1 7 wall FIXED
1 9 wall FIXED
2 7 wall FIXED
2 9 wall FIXED
3 7 wall FIXED
3 9 wall FIXED
4 7 wall FIXED
4 9 wall FIXED
5 7 wall FIXED
5 8 mine FIXED
5 9 wall FIXED
6 7 wall FIXED
6 8 wall FIXED
6 9 wall FIXED
8 0 lava FIXED
8 1 lava FIXED
8 2 lava FIXED
8 3 lava FIXED
8 4 lava FIXED
8 5 lava FIXED
8 6 lava FIXED
8 7 lava FIXED
8 8 lava FIXED
8 9 lava FIXED
8 10 lava FIXED
8 11 lava FIXED
8 12 lava FIXED
8 13 lava FIXED
8 14 lava FIXED
8 15 lava FIXED
8 16 lava FIXED
8 17 lava FIXED
9 0 lava FIXED
9 1 lava FIXED
9 2 lava FIXED
9 3 lava FIXED
9 4 lava FIXED
9 5 lava FIXED
9 6 lava FIXED
9 7 lava FIXED
9 8 lava FIXED
9 9 lava FIXED
9 10 lava FIXED
9 11 lava FIXED
9 12 lava FIXED
9 13 lava FIXED
9 14 lava FIXED
9 15 lava FIXED
9 16 lava FIXED
9 17 lava FIXED
10 4 wall FIXED
10 5 wall FIXED
10 6 wall FIXED
10 7 wall FIXED
10 8 wall FIXED
11 4 wall FIXED
11 5 arrow 3 FIXED
11 6 wall FIXED
11 8 wall FIXED
12 4 wall FIXED
12 5 lock FIXED
12 6 wall FIXED
12 8 wall FIXED
13 4 wall FIXED
13 6 wall FIXED
13 8 wall FIXED
13 12 arrow 3 MOVABLE
14 4 wall FIXED
14 6 wall FIXED
14 8 wall FIXED
14 12 portal MOVABLE orange 15 12
15 4 wall FIXED
15 5 star FIXED
15 6 wall FIXED
15 7 star FIXED
15 8 wall FIXED
15 12 portal MOVABLE blue 14 12
16 4 wall FIXED
16 5 wall FIXED
16 6 wall FIXED
16 7 wall FIXED
16 8 wall FIXED
26 7 wall FIXED
26 8 wall FIXED
26 9 wall FIXED
27 7 wall FIXED
27 8 key FIXED
27 9 wall FIXED
28 7 wall FIXED
28 9 wall FIXED
29 7 wall FIXED
29 9 wall FIXED
30 7 wall FIXED
30 9 wall FIXED
31 7 wall FIXED
31 9 wall FIXED
