0 5 wall FIXED
1 5 arrow 1 FIXED
3 3 pushable MOVABLE
3 4 wall FIXED
3 6 wall FIXED
3 7 wall FIXED
4 4 wall FIXED
4 5 suicide FIXED
4 6 wall FIXED
4 7 wall FIXED
5 4 wall FIXED
5 5 star FIXED
5 6 wall FIXED
5 7 wall FIXED
5 8 wall FIXED
5 9 wall FIXED
6 3 wall FIXED
6 5 lava FIXED
6 10 wall FIXED
7 3 wall FIXED
7 6 star FIXED
7 10 wall FIXED
8 3 wall FIXED
8 5 mine FIXED
8 6 star FIXED
8 10 wall FIXED
9 3 wall FIXED
9 6 star FIXED
9 10 wall FIXED
10 3 wall FIXED
10 10 wall FIXED
11 4 wall FIXED
11 5 suicide FIXED
11 6 wall FIXED
11 7 wall FIXED
11 8 wall FIXED
11 9 wall FIXED
12 6 pushable MOVABLE
12 8 pushable MOVABLE
15 0 wall FIXED
15 2 arrow 2 FIXED
15 3 pushable FIXED
15 5 star FIXED
15 9 mine FIXED
15 10 mine FIXED
15 11 mine FIXED
15 12 mine FIXED
15 13 star FIXED
18 5 arrow 3 FIXED
18 6 pushable MOVABLE
18 8 pushable MOVABLE
19 3 pushable MOVABLE
19 4 wall FIXED
19 6 wall FIXED
19 7 wall FIXED
19 8 wall FIXED
19 9 wall FIXED
20 3 wall FIXED
20 10 wall FIXED
21 3 wall FIXED
21 5 lava MOVABLE
21 10 wall FIXED
22 3 wall FIXED
22 5 mine FIXED
22 6 star FIXED
22 10 wall FIXED
23 3 wall FIXED
23 10 wall FIXED
24 3 wall FIXED
24 10 wall FIXED
25 4 wall FIXED
25 5 suicide FIXED
25 6 wall FIXED
25 7 wall FIXED
25 8 wall FIXED
25 9 wall FIXED
26 4 wall FIXED
26 6 wall FIXED
26 7 wall FIXED
27 4 wall FIXED
27 6 wall FIXED
27 7 wall FIXED
30 5 arrow 3 FIXED
31 5 wall FIXED
