0 9 wall FIXED
1 9 wall FIXED
2 9 wall FIXED
3 9 wall FIXED
4 4 portal MOVABLE blue 13 14
4 5 lava MOVABLE
4 9 wall FIXED
5 4 arrow 2 MOVABLE
5 5 lock MOVABLE
5 9 wall FIXED
6 9 wall FIXED
6 10 arrow 2 FIXED
6 13 rotate 1 FIXED
7 9 wall FIXED
7 13 mine FIXED
8 9 wall FIXED
8 16 duplicate FIXED
8 17 arrow 0 FIXED
9 9 wall FIXED
10 9 wall FIXED
11 9 wall FIXED
12 0 wall FIXED
12 1 wall FIXED
12 2 wall FIXED
12 3 wall FIXED
12 4 wall FIXED
12 5 wall FIXED
12 6 wall FIXED
12 7 wall FIXED
12 8 wall FIXED
12 9 wall FIXED
12 13 arrow 3 FIXED
13 0 wall FIXED
13 1 rotate 1 FIXED
13 5 rotate 1 FIXED
13 6 mine FIXED
13 9 rotate 1 FIXED
13 14 portal FIXED orange 4 4
14 0 wall FIXED
14 2 wall FIXED
14 3 wall FIXED
14 4 wall FIXED
14 6 wall FIXED
14 7 wall FIXED
14 8 wall FIXED
14 9 mine FIXED
14 10 wall FIXED
14 11 wall FIXED
14 12 wall FIXED
14 13 mine FIXED
15 0 wall FIXED
15 2 wall FIXED
15 3 wall FIXED
15 4 wall FIXED
15 6 wall FIXED
15 7 wall FIXED
15 8 wall FIXED
15 9 wall FIXED
15 10 rotate 1 FIXED
15 11 star FIXED
15 13 rotate 1 FIXED
15 16 arrow 0 FIXED
16 0 wall FIXED
16 2 wall FIXED
16 3 wall FIXED
16 4 wall FIXED
16 6 wall FIXED
16 7 wall FIXED
16 8 wall FIXED
16 9 wall FIXED
16 11 wall FIXED
17 0 wall FIXED
17 2 wall FIXED
17 3 wall FIXED
17 5 rotate 1 FIXED
17 8 rotate 1 FIXED
17 9 wall FIXED
17 11 wall FIXED
18 0 wall FIXED
18 2 wall FIXED
18 3 wall FIXED
18 4 wall FIXED
18 6 wall FIXED
18 7 wall FIXED
18 9 wall FIXED
18 11 wall FIXED
19 0 wall FIXED
19 2 wall FIXED
19 3 wall FIXED
19 4 wall FIXED
19 5 wall FIXED
19 6 wall FIXED
19 7 wall FIXED
19 9 wall FIXED
19 11 wall FIXED
19 12 wall FIXED
19 13 wall FIXED
19 14 wall FIXED
19 15 wall FIXED
19 16 wall FIXED
19 17 wall FIXED
20 0 wall FIXED
20 2 wall FIXED
20 3 wall FIXED
20 5 wall FIXED
20 6 wall FIXED
20 7 wall FIXED
20 9 wall FIXED
20 10 rotate 1 FIXED
20 17 key FIXED
21 0 wall FIXED
21 2 wall FIXED
21 4 rotate 1 FIXED
21 8 rotate 1 FIXED
21 9 wall FIXED
21 10 wall FIXED
21 11 wall FIXED
21 12 wall FIXED
21 13 wall FIXED
21 14 wall FIXED
21 15 wall FIXED
21 16 wall FIXED
21 17 wall FIXED
22 0 wall FIXED
22 2 wall FIXED
22 3 wall FIXED
22 5 wall FIXED
22 6 wall FIXED
22 7 wall FIXED
22 8 wall FIXED
22 9 wall FIXED
22 10 wall FIXED
22 11 wall FIXED
22 12 wall FIXED
22 13 wall FIXED
22 14 wall FIXED
22 16 wall FIXED
22 17 wall FIXED
23 0 wall FIXED
23 2 wall FIXED
23 3 wall FIXED
23 5 wall FIXED
23 6 wall FIXED
23 15 rotate 1 FIXED
23 17 wall FIXED
24 0 wall FIXED
24 2 wall FIXED
24 3 wall FIXED
24 5 wall FIXED
24 6 wall FIXED
24 7 wall FIXED
24 8 wall FIXED
24 9 wall FIXED
24 10 wall FIXED
24 11 wall FIXED
24 12 wall FIXED
24 13 wall FIXED
24 14 wall FIXED
24 16 wall FIXED
24 17 wall FIXED
25 0 wall FIXED
25 2 wall FIXED
25 4 rotate 1 FIXED
25 15 rotate 1 FIXED
25 17 wall FIXED
26 0 wall FIXED
26 2 wall FIXED
26 3 wall FIXED
26 5 wall FIXED
26 6 wall FIXED
26 7 wall FIXED
26 8 wall FIXED
26 9 wall FIXED
26 10 wall FIXED
26 11 wall FIXED
26 12 wall FIXED
26 13 wall FIXED
26 14 wall FIXED
26 16 wall FIXED
26 17 wall FIXED
27 0 wall FIXED
27 2 wall FIXED
27 3 wall FIXED
27 4 wall FIXED
27 5 wall FIXED
27 6 wall FIXED
27 7 wall FIXED
27 8 wall FIXED
27 9 wall FIXED
27 10 wall FIXED
27 11 wall FIXED
27 12 wall FIXED
27 13 wall FIXED
27 14 wall FIXED
27 15 wall FIXED
27 16 wall FIXED
27 17 wall FIXED
28 0 wall FIXED
28 1 rotate 1 FIXED
28 16 lava FIXED
28 17 wall FIXED
29 0 wall FIXED
29 2 wall FIXED
29 3 wall FIXED
29 4 wall FIXED
29 5 wall FIXED
29 6 wall FIXED
29 7 wall FIXED
29 8 wall FIXED
29 9 wall FIXED
29 10 wall FIXED
29 11 wall FIXED
29 12 wall FIXED
29 13 wall FIXED
29 14 wall FIXED
29 15 wall FIXED
29 16 wall FIXED
29 17 wall FIXED
30 0 wall FIXED
30 1 star FIXED
30 2 wall FIXED
30 3 wall FIXED
30 4 wall FIXED
30 5 wall FIXED
30 6 wall FIXED
30 7 wall FIXED
30 8 wall FIXED
30 9 wall FIXED
30 10 wall FIXED
30 11 wall FIXED
30 12 wall FIXED
30 13 wall FIXED
30 14 wall FIXED
30 15 wall FIXED
30 16 wall FIXED
30 17 wall FIXED
31 0 wall FIXED
31 1 wall FIXED
31 2 wall FIXED
31 3 wall FIXED
31 4 wall FIXED
31 5 wall FIXED
31 6 wall FIXED
31 7 wall FIXED
31 8 wall FIXED
31 9 wall FIXED
31 10 wall FIXED
31 11 wall FIXED
31 12 wall FIXED
31 13 wall FIXED
31 14 wall FIXED
31 15 wall FIXED
31 16 wall FIXED
31 17 wall FIXED
