0 10 wall FIXED
0 11 lava FIXED
0 12 wall FIXED
0 14 wall FIXED
0 15 wall FIXED
0 16 wall FIXED
0 17 wall FIXED
1 11 wall FIXED
1 14 portal FIXED orange 9 13
1 15 wall FIXED
1 16 star FIXED
1 17 wall FIXED
2 14 suicide FIXED
2 15 wall FIXED
2 16 wall FIXED
2 17 wall FIXED
3 4 rotate 1 MOVABLE
3 15 mine FIXED
3 16 wall FIXED
3 17 wall FIXED
4 3 lava MOVABLE
4 4 rotate 3 MOVABLE
4 5 rotate 3 MOVABLE
4 14 suicide FIXED
4 15 wall FIXED
4 16 wall FIXED
4 17 wall FIXED
5 4 rotate 3 MOVABLE
5 5 lava MOVABLE
5 6 rotate 1 MOVABLE
5 15 wall FIXED
5 16 lock FIXED
5 17 wall FIXED
6 5 lock MOVABLE
6 6 suicide MOVABLE
6 7 rotate 1 MOVABLE
6 15 wall FIXED
6 16 lock FIXED
6 17 wall FIXED
7 4 rotate 1 MOVABLE
7 5 lava MOVABLE
7 6 rotate 1 MOVABLE
7 15 wall FIXED
7 16 lock FIXED
7 17 wall FIXED
8 3 lava MOVABLE
8 4 rotate 1 MOVABLE
8 5 rotate 1 MOVABLE
8 15 wall FIXED
8 17 wall FIXED
9 4 rotate 1 MOVABLE
9 9 rotate 3 FIXED
9 13 portal FIXED blue 1 14
9 15 wall FIXED
9 17 wall FIXED
10 11 lava FIXED
10 15 wall FIXED
10 17 wall FIXED
11 9 portal FIXED orange 30 16
11 15 wall FIXED
11 17 wall FIXED
12 15 wall FIXED
12 17 wall FIXED
13 7 rotate 1 FIXED
13 15 wall FIXED
13 17 wall FIXED
14 15 wall FIXED
14 17 wall FIXED
15 15 wall FIXED
15 17 wall FIXED
16 15 wall FIXED
16 16 arrow 0 FIXED
16 17 wall FIXED
17 14 mine FIXED
17 15 wall FIXED
17 17 wall FIXED
18 10 portal FIXED orange 20 14
18 15 wall FIXED
18 16 arrow 0 FIXED
18 17 wall FIXED
19 3 key FIXED
19 15 wall FIXED
19 17 wall FIXED
20 7 rotate 3 FIXED
20 8 rotate 3 FIXED
20 13 wall FIXED
20 14 portal FIXED blue 18 10
20 15 wall FIXED
20 17 wall FIXED
21 1 lock FIXED
21 3 rotate 1 FIXED
21 12 wall FIXED
21 13 lava FIXED
21 14 wall FIXED
21 15 wall FIXED
21 17 wall FIXED
22 12 wall FIXED
22 13 lock FIXED
22 14 wall FIXED
22 15 wall FIXED
22 17 wall FIXED
23 0 portal FIXED orange 27 14
23 8 mine FIXED
23 12 wall FIXED
23 14 wall FIXED
23 15 wall FIXED
23 17 wall FIXED
24 8 rotate 3 FIXED
24 13 rotate 1 FIXED
24 16 directional 0 FIXED
25 12 wall FIXED
25 13 wall FIXED
25 14 wall FIXED
25 15 wall FIXED
25 17 wall FIXED
26 3 rotate 1 FIXED
26 12 wall FIXED
26 13 rotate 3 FIXED
26 16 directional 0 FIXED
27 12 wall FIXED
27 14 portal FIXED blue 23 0
27 15 wall FIXED
27 17 wall FIXED
28 12 wall FIXED
28 14 mine FIXED
28 15 wall FIXED
28 16 lock FIXED
28 17 wall FIXED
29 11 rotate 1 FIXED
29 13 duplicate FIXED
29 14 arrow 0 FIXED
29 15 wall FIXED
29 17 wall FIXED
30 16 portal FIXED blue 11 9
30 17 wall FIXED
31 11 lock FIXED
31 15 wall FIXED
31 16 wall FIXED
31 17 wall FIXED
